<?xml version="1.0" encoding="UTF-8"?>
<TestRun id="3a9ea2a2-1659-4dde-99b4-2abfeccd2bb0" name="N3trunner@GLOIN 2011-06-18 15:59:23" runUser="MITTELERDE\N3trunner" xmlns="http://microsoft.com/schemas/VisualStudio/TeamTest/2010">
  <TestSettings name="Default Test Settings" id="8230f8a9-aac8-4f48-b425-d643e807cc02">
    <Deployment userDeploymentRoot="C:\Users\N3trunner.MITTELERDE\Desktop\C#\SEPraktikum\TestResults" useDefaultDeploymentRoot="false" runDeploymentRoot="N3trunner_GLOIN 2011-06-18 15_59_23">
      <DeploymentItem filename="C:\Users\N3trunner.MITTELERDE\Desktop\C#\SEPraktikum\Fassade\bin\Debug\Fassade.dll" />
      <DeploymentItem filename="C:\Users\N3trunner.MITTELERDE\Desktop\C#\SEPraktikum\Kino\bin\Debug\Kino.dll" />
      <DeploymentItem filename="C:\Users\N3trunner.MITTELERDE\Desktop\C#\SEPraktikum\Benutzer\bin\Debug\Users.dll" />
      <DeploymentItem filename="C:\Users\N3trunner.MITTELERDE\Desktop\C#\SEPraktikum\SystemAdministration\bin\Debug\SystemAdministration.dll" />
      <DeploymentItem filename="C:\Users\N3trunner.MITTELERDE\Desktop\C#\SEPraktikum\Base\bin\Debug\Base.dll" />
      <DeploymentItem filename="C:\Users\N3trunner.MITTELERDE\Desktop\C#\SEPraktikum\Kinokarten\bin\Debug\Kinokarten.dll" />
      <DeploymentItem filename="C:\Users\N3trunner.MITTELERDE\Desktop\C#\SEPraktikum\Database\bin\Debug\Database.dll" />
    </Deployment>
    <Execution>
      <TestTypeSpecific />
      <AgentRule name="Execution Agents">
      </AgentRule>
    </Execution>
  </TestSettings>
  <Times creation="2011-06-18T15:59:23.3799713+02:00" queuing="2011-06-18T15:59:33.1099442+02:00" start="2011-06-18T15:59:33.2909623+02:00" finish="2011-06-18T16:01:20.2326554+02:00" />
  <ResultSummary outcome="Error">
    <Counters total="1" executed="1" error="0" failed="0" timeout="0" aborted="1" inconclusive="0" passedButRunAborted="0" notRunnable="0" notExecuted="0" disconnected="0" warning="0" passed="0" completed="0" inProgress="0" pending="0" />
    <RunInfos>
      <RunInfo computerName="GLOIN" outcome="Error" timestamp="2011-06-18T16:01:20.2306552+02:00">
        <Text>Test host process exited unexpectedly.</Text>
      </RunInfo>
    </RunInfos>
  </ResultSummary>
  <TestDefinitions>
    <UnitTest name="GetVerfügbareKinokartenFürVorstellungTest_Success" storage="c:\users\n3trunner.mittelerde\desktop\c#\sepraktikum\testfassade\bin\debug\testanwendungskern.dll" id="1e56fcab-f406-0622-e5bb-ec2d7e81b97d">
      <Execution id="108c2148-7d1d-416b-a28a-bedf0f714c5f" />
      <TestMethod codeBase="C:/Users/N3trunner.MITTELERDE/Desktop/C#/SEPraktikum/TestFassade/bin/Debug/TestAnwendungskern.DLL" adapterTypeName="Microsoft.VisualStudio.TestTools.TestTypes.Unit.UnitTestAdapter, Microsoft.VisualStudio.QualityTools.Tips.UnitTest.Adapter, Version=10.0.0.0, Culture=neutral, PublicKeyToken=b03f5f7f11d50a3a" className="TestAnwendungskern.KinokartenInformationenTest, TestAnwendungskern, Version=1.0.0.0, Culture=neutral, PublicKeyToken=null" name="GetVerfügbareKinokartenFürVorstellungTest_Success" />
    </UnitTest>
  </TestDefinitions>
  <TestLists>
    <TestList name="Results Not in a List" id="8c84fa94-04c1-424b-9868-57a2d4851a1d" />
    <TestList name="All Loaded Results" id="19431567-8539-422a-85d7-44ee4e166bda" />
  </TestLists>
  <TestEntries>
    <TestEntry testId="1e56fcab-f406-0622-e5bb-ec2d7e81b97d" executionId="108c2148-7d1d-416b-a28a-bedf0f714c5f" testListId="8c84fa94-04c1-424b-9868-57a2d4851a1d" />
  </TestEntries>
  <Results>
    <UnitTestResult executionId="108c2148-7d1d-416b-a28a-bedf0f714c5f" testId="1e56fcab-f406-0622-e5bb-ec2d7e81b97d" testName="GetVerfügbareKinokartenFürVorstellungTest_Success" computerName="GLOIN" duration="00:01:46.7836773" startTime="2011-06-18T15:59:33.4489781+02:00" endTime="2011-06-18T16:01:20.2326554+02:00" testType="13cdc9d9-ddb5-4fa4-a97d-d965ccfc6d4b" outcome="Aborted" testListId="8c84fa94-04c1-424b-9868-57a2d4851a1d" relativeResultsDirectory="108c2148-7d1d-416b-a28a-bedf0f714c5f">
    </UnitTestResult>
  </Results>
</TestRun>