<?xml version="1.0" encoding="UTF-8"?>
<TestRun id="ee4c50e2-a293-4ed8-b926-9531df618ac7" name="N3trunner@GLOIN 2011-06-18 15:50:24" runUser="MITTELERDE\N3trunner" xmlns="http://microsoft.com/schemas/VisualStudio/TeamTest/2010">
  <TestSettings name="Default Test Settings" id="2a704451-8f2c-4a30-8602-9b0b81c931c6">
    <Deployment runDeploymentRoot="N3trunner_GLOIN 2011-06-18 15_50_24">
      <DeploymentItem filename="C:\Users\N3trunner.MITTELERDE\Desktop\C#\SEPraktikum\Fassade\bin\Debug\Fassade.dll" />
      <DeploymentItem filename="C:\Users\N3trunner.MITTELERDE\Desktop\C#\SEPraktikum\Kino\bin\Debug\Kino.dll" />
      <DeploymentItem filename="C:\Users\N3trunner.MITTELERDE\Desktop\C#\SEPraktikum\Benutzer\bin\Debug\Users.dll" />
      <DeploymentItem filename="C:\Users\N3trunner.MITTELERDE\Desktop\C#\SEPraktikum\SystemAdministration\bin\Debug\SystemAdministration.dll" />
      <DeploymentItem filename="C:\Users\N3trunner.MITTELERDE\Desktop\C#\SEPraktikum\Base\bin\Debug\Base.dll" />
      <DeploymentItem filename="C:\Users\N3trunner.MITTELERDE\Desktop\C#\SEPraktikum\Kinokarten\bin\Debug\Kinokarten.dll" />
      <DeploymentItem filename="C:\Users\N3trunner.MITTELERDE\Desktop\C#\SEPraktikum\Database\bin\Debug\Database.dll" />
    </Deployment>
    <Execution>
      <TestTypeSpecific />
      <AgentRule name="Execution Agents">
      </AgentRule>
    </Execution>
  </TestSettings>
  <Times creation="2011-06-18T15:50:24.8831270+02:00" queuing="2011-06-18T15:50:28.2654652+02:00" start="2011-06-18T15:50:28.4414828+02:00" finish="2011-06-18T15:56:14.5160868+02:00" />
  <ResultSummary outcome="Error">
    <Counters total="1" executed="1" error="0" failed="0" timeout="0" aborted="1" inconclusive="0" passedButRunAborted="0" notRunnable="0" notExecuted="0" disconnected="0" warning="0" passed="0" completed="0" inProgress="0" pending="0" />
    <RunInfos>
      <RunInfo computerName="GLOIN" outcome="Error" timestamp="2011-06-18T15:56:14.5100862+02:00">
        <Text>Test host process exited unexpectedly.</Text>
      </RunInfo>
    </RunInfos>
  </ResultSummary>
  <TestDefinitions>
    <UnitTest name="GetVerfügbareKinokartenFürVorstellungTest_Success" storage="c:\users\n3trunner.mittelerde\desktop\c#\sepraktikum\testfassade\bin\debug\testanwendungskern.dll" id="1e56fcab-f406-0622-e5bb-ec2d7e81b97d">
      <Execution id="7c4ef769-719d-4364-b692-c385e4cf77df" />
      <TestMethod codeBase="C:/Users/N3trunner.MITTELERDE/Desktop/C#/SEPraktikum/TestFassade/bin/Debug/TestAnwendungskern.DLL" adapterTypeName="Microsoft.VisualStudio.TestTools.TestTypes.Unit.UnitTestAdapter, Microsoft.VisualStudio.QualityTools.Tips.UnitTest.Adapter, Version=10.0.0.0, Culture=neutral, PublicKeyToken=b03f5f7f11d50a3a" className="TestAnwendungskern.KinokartenInformationenTest, TestAnwendungskern, Version=1.0.0.0, Culture=neutral, PublicKeyToken=null" name="GetVerfügbareKinokartenFürVorstellungTest_Success" />
    </UnitTest>
  </TestDefinitions>
  <TestLists>
    <TestList name="Results Not in a List" id="8c84fa94-04c1-424b-9868-57a2d4851a1d" />
    <TestList name="All Loaded Results" id="19431567-8539-422a-85d7-44ee4e166bda" />
  </TestLists>
  <TestEntries>
    <TestEntry testId="1e56fcab-f406-0622-e5bb-ec2d7e81b97d" executionId="7c4ef769-719d-4364-b692-c385e4cf77df" testListId="8c84fa94-04c1-424b-9868-57a2d4851a1d" />
  </TestEntries>
  <Results>
    <UnitTestResult executionId="7c4ef769-719d-4364-b692-c385e4cf77df" testId="1e56fcab-f406-0622-e5bb-ec2d7e81b97d" testName="GetVerfügbareKinokartenFürVorstellungTest_Success" computerName="GLOIN" duration="00:05:45.9075873" startTime="2011-06-18T15:50:28.6084995+02:00" endTime="2011-06-18T15:56:14.5160868+02:00" testType="13cdc9d9-ddb5-4fa4-a97d-d965ccfc6d4b" outcome="Aborted" testListId="8c84fa94-04c1-424b-9868-57a2d4851a1d" relativeResultsDirectory="7c4ef769-719d-4364-b692-c385e4cf77df">
    </UnitTestResult>
  </Results>
</TestRun>