<?xml version="1.0" encoding="UTF-8"?>
<TestRun id="fea7a624-e0f3-45be-af99-7315a238b9cf" name="N3trunner@GLOIN 2011-06-18 15:45:28" runUser="MITTELERDE\N3trunner" xmlns="http://microsoft.com/schemas/VisualStudio/TeamTest/2010">
  <TestSettings name="Default Test Settings" id="b9737c74-4986-4a9e-8f79-e9bafbefedfa">
    <Deployment runDeploymentRoot="N3trunner_GLOIN 2011-06-18 15_45_28">
      <DeploymentItem filename="C:\Users\N3trunner.MITTELERDE\Desktop\C#\SEPraktikum\Fassade\bin\Debug\Fassade.dll" />
      <DeploymentItem filename="C:\Users\N3trunner.MITTELERDE\Desktop\C#\SEPraktikum\Kino\bin\Debug\Kino.dll" />
      <DeploymentItem filename="C:\Users\N3trunner.MITTELERDE\Desktop\C#\SEPraktikum\Benutzer\bin\Debug\Users.dll" />
      <DeploymentItem filename="C:\Users\N3trunner.MITTELERDE\Desktop\C#\SEPraktikum\SystemAdministration\bin\Debug\SystemAdministration.dll" />
      <DeploymentItem filename="C:\Users\N3trunner.MITTELERDE\Desktop\C#\SEPraktikum\Base\bin\Debug\Base.dll" />
      <DeploymentItem filename="C:\Users\N3trunner.MITTELERDE\Desktop\C#\SEPraktikum\Kinokarten\bin\Debug\Kinokarten.dll" />
      <DeploymentItem filename="C:\Users\N3trunner.MITTELERDE\Desktop\C#\SEPraktikum\Database\bin\Debug\Database.dll" />
    </Deployment>
    <Execution>
      <TestTypeSpecific />
      <AgentRule name="Execution Agents">
      </AgentRule>
    </Execution>
  </TestSettings>
  <Times creation="2011-06-18T15:45:28.7455162+02:00" queuing="2011-06-18T15:45:28.8765293+02:00" start="2011-06-18T15:45:28.8865303+02:00" finish="2011-06-18T15:45:29.3185735+02:00" />
  <ResultSummary outcome="Failed">
    <Counters total="1" executed="1" error="0" failed="1" timeout="0" aborted="0" inconclusive="0" passedButRunAborted="0" notRunnable="0" notExecuted="0" disconnected="0" warning="0" passed="0" completed="0" inProgress="0" pending="0" />
  </ResultSummary>
  <TestDefinitions>
    <UnitTest name="GetPreisFürKinokarteTest_Success" storage="c:\users\n3trunner.mittelerde\desktop\c#\sepraktikum\testfassade\bin\debug\testanwendungskern.dll" id="2cce4c90-ea2f-6bde-cd20-3e7d1cbaf8ca">
      <Execution id="227c6bec-8876-4ad5-9153-7de32ad0259d" />
      <TestMethod codeBase="C:/Users/N3trunner.MITTELERDE/Desktop/C#/SEPraktikum/TestFassade/bin/Debug/TestAnwendungskern.DLL" adapterTypeName="Microsoft.VisualStudio.TestTools.TestTypes.Unit.UnitTestAdapter, Microsoft.VisualStudio.QualityTools.Tips.UnitTest.Adapter, Version=10.0.0.0, Culture=neutral, PublicKeyToken=b03f5f7f11d50a3a" className="TestAnwendungskern.KinokartenInformationenTest, TestAnwendungskern, Version=1.0.0.0, Culture=neutral, PublicKeyToken=null" name="GetPreisFürKinokarteTest_Success" />
    </UnitTest>
  </TestDefinitions>
  <TestLists>
    <TestList name="Results Not in a List" id="8c84fa94-04c1-424b-9868-57a2d4851a1d" />
    <TestList name="All Loaded Results" id="19431567-8539-422a-85d7-44ee4e166bda" />
  </TestLists>
  <TestEntries>
    <TestEntry testId="2cce4c90-ea2f-6bde-cd20-3e7d1cbaf8ca" executionId="227c6bec-8876-4ad5-9153-7de32ad0259d" testListId="8c84fa94-04c1-424b-9868-57a2d4851a1d" />
  </TestEntries>
  <Results>
    <UnitTestResult executionId="227c6bec-8876-4ad5-9153-7de32ad0259d" testId="2cce4c90-ea2f-6bde-cd20-3e7d1cbaf8ca" testName="GetPreisFürKinokarteTest_Success" computerName="GLOIN" duration="00:00:00.1542736" startTime="2011-06-18T15:45:28.8915308+02:00" endTime="2011-06-18T15:45:29.3005717+02:00" testType="13cdc9d9-ddb5-4fa4-a97d-d965ccfc6d4b" outcome="Failed" testListId="8c84fa94-04c1-424b-9868-57a2d4851a1d" relativeResultsDirectory="227c6bec-8876-4ad5-9153-7de32ad0259d">
      <Output>
        <ErrorInfo>
          <Message>Initialization method TestAnwendungskern.KinokartenInformationenTest.CreateTestData threw exception. System.ArgumentOutOfRangeException: System.ArgumentOutOfRangeException: Index was out of range. Must be non-negative and less than the size of the collection.
Parameter name: index.</Message>
          <StackTrace>    at System.ThrowHelper.ThrowArgumentOutOfRangeException()
   at System.Collections.Generic.List`1.get_Item(Int32 index)
   at TestAnwendungskern.KinokartenInformationenTest.CreateTestData() in C:\Users\N3trunner.MITTELERDE\Desktop\C#\SEPraktikum\TestFassade\KinokartenInformationenTest.cs:line 96
</StackTrace>
        </ErrorInfo>
      </Output>
    </UnitTestResult>
  </Results>
</TestRun>